Type error: Cannot find name 'FileText'.
